2022-03-13 Sunday 10:49:50 root:DEBUG:defaultdict(<class 'list'>, {-2: [0, -4, -5], -0: [2, -3, -5], 3: [0, 1], -1: [-3, -4, -5], 4: [1, 2], 5: [0, 1, 2], -6: [3, 4, 5], -3: [6], -4: [6], -5: [6]})
2022-03-13 Sunday 10:49:50 root:INFO:SATISFIABLE
2022-03-13 Sunday 10:49:50 root:DEBUG:1100001
